{
  "is_complete": true,
  "title": "todo_item",
  "todo_item_id": "00000000-0000-0000-0000-000000000000"
}