{
  "complete_time": null,
  "create_time": "2023-02-01T00:00:00.123456Z",
  "is_complete": false,
  "title": "todo_item",
  "todo_item_id": "00000000-0000-0000-0000-000000000000",
  "update_time": "2023-02-01T00:00:00.123456Z"
}