{
  "items": [
    {
      "name": "banana0"
    },
    {
      "name": "banana1"
    },
    {
      "name": "banana2"
    },
    {
      "name": "banana3"
    },
    {
      "name": "banana4"
    },
    {
      "name": "banana5"
    },
    {
      "name": "banana6"
    },
    {
      "name": "banana7"
    },
    {
      "name": "banana8"
    },
    {
      "name": "banana9"
    },
    {
      "name": "banana10"
    },
    {
      "name": "banana11"
    },
    {
      "name": "banana12"
    },
    {
      "name": "banana13"
    },
    {
      "name": "banana14"
    },
    {
      "name": "banana15"
    },
    {
      "name": "banana16"
    },
    {
      "name": "banana17"
    },
    {
      "name": "banana18"
    },
    {
      "name": "banana19"
    },
    {
      "name": "banana20"
    },
    {
      "name": "banana21"
    },
    {
      "name": "banana22"
    },
    {
      "name": "banana23"
    },
    {
      "name": "banana24"
    },
    {
      "name": "banana25"
    },
    {
      "name": "banana26"
    },
    {
      "name": "banana27"
    },
    {
      "name": "banana28"
    },
    {
      "name": "banana29"
    },
    {
      "name": "banana30"
    },
    {
      "name": "banana31"
    },
    {
      "name": "banana32"
    },
    {
      "name": "banana33"
    },
    {
      "name": "banana34"
    },
    {
      "name": "banana35"
    },
    {
      "name": "banana36"
    },
    {
      "name": "banana37"
    },
    {
      "name": "banana38"
    },
    {
      "name": "banana39"
    },
    {
      "name": "banana40"
    },
    {
      "name": "banana41"
    },
    {
      "name": "banana42"
    },
    {
      "name": "banana43"
    },
    {
      "name": "banana44"
    },
    {
      "name": "banana45"
    },
    {
      "name": "banana46"
    },
    {
      "name": "banana47"
    },
    {
      "name": "banana48"
    },
    {
      "name": "banana49"
    }
  ]
}