{
  "items": [
    {
      "complete_time": null,
      "create_time": "2023-02-01T00:00:00.123456Z",
      "due_date": "2025-02-21",
      "is_complete": false,
      "title": "banana0",
      "todo_item_id": "00000000-0000-0000-0000-000000000000",
      "update_time": "2023-02-01T00:00:00.123456Z"
    },
    {
      "complete_time": null,
      "create_time": "2023-02-01T00:00:00.123456Z",
      "due_date": "2025-02-21",
      "is_complete": false,
      "title": "banana1",
      "todo_item_id": "00000000-0000-0000-0000-000000000000",
      "update_time": "2023-02-01T00:00:00.123456Z"
    },
    {
      "complete_time": null,
      "create_time": "2023-02-01T00:00:00.123456Z",
      "due_date": "2025-02-21",
      "is_complete": false,
      "title": "banana2",
      "todo_item_id": "00000000-0000-0000-0000-000000000000",
      "update_time": "2023-02-01T00:00:00.123456Z"
    },
    {
      "complete_time": null,
      "create_time": "2023-02-01T00:00:00.123456Z",
      "due_date": "2025-02-21",
      "is_complete": false,
      "title": "banana3",
      "todo_item_id": "00000000-0000-0000-0000-000000000000",
      "update_time": "2023-02-01T00:00:00.123456Z"
    },
    {
      "complete_time": null,
      "create_time": "2023-02-01T00:00:00.123456Z",
      "due_date": "2025-02-21",
      "is_complete": false,
      "title": "banana4",
      "todo_item_id": "00000000-0000-0000-0000-000000000000",
      "update_time": "2023-02-01T00:00:00.123456Z"
    },
    {
      "complete_time": null,
      "create_time": "2023-02-01T00:00:00.123456Z",
      "due_date": "2025-02-21",
      "is_complete": false,
      "title": "banana5",
      "todo_item_id": "00000000-0000-0000-0000-000000000000",
      "update_time": "2023-02-01T00:00:00.123456Z"
    },
    {
      "complete_time": null,
      "create_time": "2023-02-01T00:00:00.123456Z",
      "due_date": "2025-02-21",
      "is_complete": false,
      "title": "banana6",
      "todo_item_id": "00000000-0000-0000-0000-000000000000",
      "update_time": "2023-02-01T00:00:00.123456Z"
    },
    {
      "complete_time": null,
      "create_time": "2023-02-01T00:00:00.123456Z",
      "due_date": "2025-02-21",
      "is_complete": false,
      "title": "banana7",
      "todo_item_id": "00000000-0000-0000-0000-000000000000",
      "update_time": "2023-02-01T00:00:00.123456Z"
    },
    {
      "complete_time": null,
      "create_time": "2023-02-01T00:00:00.123456Z",
      "due_date": "2025-02-21",
      "is_complete": false,
      "title": "banana8",
      "todo_item_id": "00000000-0000-0000-0000-000000000000",
      "update_time": "2023-02-01T00:00:00.123456Z"
    },
    {
      "complete_time": null,
      "create_time": "2023-02-01T00:00:00.123456Z",
      "due_date": "2025-02-21",
      "is_complete": false,
      "title": "banana9",
      "todo_item_id": "00000000-0000-0000-0000-000000000000",
      "update_time": "2023-02-01T00:00:00.123456Z"
    },
    {
      "complete_time": null,
      "create_time": "2023-02-01T00:00:00.123456Z",
      "due_date": "2025-02-21",
      "is_complete": false,
      "title": "banana10",
      "todo_item_id": "00000000-0000-0000-0000-000000000000",
      "update_time": "2023-02-01T00:00:00.123456Z"
    },
    {
      "complete_time": null,
      "create_time": "2023-02-01T00:00:00.123456Z",
      "due_date": "2025-02-21",
      "is_complete": false,
      "title": "banana11",
      "todo_item_id": "00000000-0000-0000-0000-000000000000",
      "update_time": "2023-02-01T00:00:00.123456Z"
    },
    {
      "complete_time": null,
      "create_time": "2023-02-01T00:00:00.123456Z",
      "due_date": "2025-02-21",
      "is_complete": false,
      "title": "banana12",
      "todo_item_id": "00000000-0000-0000-0000-000000000000",
      "update_time": "2023-02-01T00:00:00.123456Z"
    },
    {
      "complete_time": null,
      "create_time": "2023-02-01T00:00:00.123456Z",
      "due_date": "2025-02-21",
      "is_complete": false,
      "title": "banana13",
      "todo_item_id": "00000000-0000-0000-0000-000000000000",
      "update_time": "2023-02-01T00:00:00.123456Z"
    },
    {
      "complete_time": null,
      "create_time": "2023-02-01T00:00:00.123456Z",
      "due_date": "2025-02-21",
      "is_complete": false,
      "title": "banana14",
      "todo_item_id": "00000000-0000-0000-0000-000000000000",
      "update_time": "2023-02-01T00:00:00.123456Z"
    },
    {
      "complete_time": null,
      "create_time": "2023-02-01T00:00:00.123456Z",
      "due_date": "2025-02-21",
      "is_complete": false,
      "title": "banana15",
      "todo_item_id": "00000000-0000-0000-0000-000000000000",
      "update_time": "2023-02-01T00:00:00.123456Z"
    },
    {
      "complete_time": null,
      "create_time": "2023-02-01T00:00:00.123456Z",
      "due_date": "2025-02-21",
      "is_complete": false,
      "title": "banana16",
      "todo_item_id": "00000000-0000-0000-0000-000000000000",
      "update_time": "2023-02-01T00:00:00.123456Z"
    },
    {
      "complete_time": null,
      "create_time": "2023-02-01T00:00:00.123456Z",
      "due_date": "2025-02-21",
      "is_complete": false,
      "title": "banana17",
      "todo_item_id": "00000000-0000-0000-0000-000000000000",
      "update_time": "2023-02-01T00:00:00.123456Z"
    },
    {
      "complete_time": null,
      "create_time": "2023-02-01T00:00:00.123456Z",
      "due_date": "2025-02-21",
      "is_complete": false,
      "title": "banana18",
      "todo_item_id": "00000000-0000-0000-0000-000000000000",
      "update_time": "2023-02-01T00:00:00.123456Z"
    },
    {
      "complete_time": null,
      "create_time": "2023-02-01T00:00:00.123456Z",
      "due_date": "2025-02-21",
      "is_complete": false,
      "title": "banana19",
      "todo_item_id": "00000000-0000-0000-0000-000000000000",
      "update_time": "2023-02-01T00:00:00.123456Z"
    },
    {
      "complete_time": null,
      "create_time": "2023-02-01T00:00:00.123456Z",
      "due_date": "2025-02-21",
      "is_complete": false,
      "title": "banana20",
      "todo_item_id": "00000000-0000-0000-0000-000000000000",
      "update_time": "2023-02-01T00:00:00.123456Z"
    },
    {
      "complete_time": null,
      "create_time": "2023-02-01T00:00:00.123456Z",
      "due_date": "2025-02-21",
      "is_complete": false,
      "title": "banana21",
      "todo_item_id": "00000000-0000-0000-0000-000000000000",
      "update_time": "2023-02-01T00:00:00.123456Z"
    },
    {
      "complete_time": null,
      "create_time": "2023-02-01T00:00:00.123456Z",
      "due_date": "2025-02-21",
      "is_complete": false,
      "title": "banana22",
      "todo_item_id": "00000000-0000-0000-0000-000000000000",
      "update_time": "2023-02-01T00:00:00.123456Z"
    },
    {
      "complete_time": null,
      "create_time": "2023-02-01T00:00:00.123456Z",
      "due_date": "2025-02-21",
      "is_complete": false,
      "title": "banana23",
      "todo_item_id": "00000000-0000-0000-0000-000000000000",
      "update_time": "2023-02-01T00:00:00.123456Z"
    },
    {
      "complete_time": null,
      "create_time": "2023-02-01T00:00:00.123456Z",
      "due_date": "2025-02-21",
      "is_complete": false,
      "title": "banana24",
      "todo_item_id": "00000000-0000-0000-0000-000000000000",
      "update_time": "2023-02-01T00:00:00.123456Z"
    },
    {
      "complete_time": null,
      "create_time": "2023-02-01T00:00:00.123456Z",
      "due_date": "2025-02-21",
      "is_complete": false,
      "title": "banana25",
      "todo_item_id": "00000000-0000-0000-0000-000000000000",
      "update_time": "2023-02-01T00:00:00.123456Z"
    },
    {
      "complete_time": null,
      "create_time": "2023-02-01T00:00:00.123456Z",
      "due_date": "2025-02-21",
      "is_complete": false,
      "title": "banana26",
      "todo_item_id": "00000000-0000-0000-0000-000000000000",
      "update_time": "2023-02-01T00:00:00.123456Z"
    },
    {
      "complete_time": null,
      "create_time": "2023-02-01T00:00:00.123456Z",
      "due_date": "2025-02-21",
      "is_complete": false,
      "title": "banana27",
      "todo_item_id": "00000000-0000-0000-0000-000000000000",
      "update_time": "2023-02-01T00:00:00.123456Z"
    },
    {
      "complete_time": null,
      "create_time": "2023-02-01T00:00:00.123456Z",
      "due_date": "2025-02-21",
      "is_complete": false,
      "title": "banana28",
      "todo_item_id": "00000000-0000-0000-0000-000000000000",
      "update_time": "2023-02-01T00:00:00.123456Z"
    },
    {
      "complete_time": null,
      "create_time": "2023-02-01T00:00:00.123456Z",
      "due_date": "2025-02-21",
      "is_complete": false,
      "title": "banana29",
      "todo_item_id": "00000000-0000-0000-0000-000000000000",
      "update_time": "2023-02-01T00:00:00.123456Z"
    },
    {
      "complete_time": null,
      "create_time": "2023-02-01T00:00:00.123456Z",
      "due_date": "2025-02-21",
      "is_complete": false,
      "title": "banana30",
      "todo_item_id": "00000000-0000-0000-0000-000000000000",
      "update_time": "2023-02-01T00:00:00.123456Z"
    },
    {
      "complete_time": null,
      "create_time": "2023-02-01T00:00:00.123456Z",
      "due_date": "2025-02-21",
      "is_complete": false,
      "title": "banana31",
      "todo_item_id": "00000000-0000-0000-0000-000000000000",
      "update_time": "2023-02-01T00:00:00.123456Z"
    },
    {
      "complete_time": null,
      "create_time": "2023-02-01T00:00:00.123456Z",
      "due_date": "2025-02-21",
      "is_complete": false,
      "title": "banana32",
      "todo_item_id": "00000000-0000-0000-0000-000000000000",
      "update_time": "2023-02-01T00:00:00.123456Z"
    },
    {
      "complete_time": null,
      "create_time": "2023-02-01T00:00:00.123456Z",
      "due_date": "2025-02-21",
      "is_complete": false,
      "title": "banana33",
      "todo_item_id": "00000000-0000-0000-0000-000000000000",
      "update_time": "2023-02-01T00:00:00.123456Z"
    },
    {
      "complete_time": null,
      "create_time": "2023-02-01T00:00:00.123456Z",
      "due_date": "2025-02-21",
      "is_complete": false,
      "title": "banana34",
      "todo_item_id": "00000000-0000-0000-0000-000000000000",
      "update_time": "2023-02-01T00:00:00.123456Z"
    },
    {
      "complete_time": null,
      "create_time": "2023-02-01T00:00:00.123456Z",
      "due_date": "2025-02-21",
      "is_complete": false,
      "title": "banana35",
      "todo_item_id": "00000000-0000-0000-0000-000000000000",
      "update_time": "2023-02-01T00:00:00.123456Z"
    },
    {
      "complete_time": null,
      "create_time": "2023-02-01T00:00:00.123456Z",
      "due_date": "2025-02-21",
      "is_complete": false,
      "title": "banana36",
      "todo_item_id": "00000000-0000-0000-0000-000000000000",
      "update_time": "2023-02-01T00:00:00.123456Z"
    },
    {
      "complete_time": null,
      "create_time": "2023-02-01T00:00:00.123456Z",
      "due_date": "2025-02-21",
      "is_complete": false,
      "title": "banana37",
      "todo_item_id": "00000000-0000-0000-0000-000000000000",
      "update_time": "2023-02-01T00:00:00.123456Z"
    },
    {
      "complete_time": null,
      "create_time": "2023-02-01T00:00:00.123456Z",
      "due_date": "2025-02-21",
      "is_complete": false,
      "title": "banana38",
      "todo_item_id": "00000000-0000-0000-0000-000000000000",
      "update_time": "2023-02-01T00:00:00.123456Z"
    },
    {
      "complete_time": null,
      "create_time": "2023-02-01T00:00:00.123456Z",
      "due_date": "2025-02-21",
      "is_complete": false,
      "title": "banana39",
      "todo_item_id": "00000000-0000-0000-0000-000000000000",
      "update_time": "2023-02-01T00:00:00.123456Z"
    },
    {
      "complete_time": null,
      "create_time": "2023-02-01T00:00:00.123456Z",
      "due_date": "2025-02-21",
      "is_complete": false,
      "title": "banana40",
      "todo_item_id": "00000000-0000-0000-0000-000000000000",
      "update_time": "2023-02-01T00:00:00.123456Z"
    },
    {
      "complete_time": null,
      "create_time": "2023-02-01T00:00:00.123456Z",
      "due_date": "2025-02-21",
      "is_complete": false,
      "title": "banana41",
      "todo_item_id": "00000000-0000-0000-0000-000000000000",
      "update_time": "2023-02-01T00:00:00.123456Z"
    },
    {
      "complete_time": null,
      "create_time": "2023-02-01T00:00:00.123456Z",
      "due_date": "2025-02-21",
      "is_complete": false,
      "title": "banana42",
      "todo_item_id": "00000000-0000-0000-0000-000000000000",
      "update_time": "2023-02-01T00:00:00.123456Z"
    },
    {
      "complete_time": null,
      "create_time": "2023-02-01T00:00:00.123456Z",
      "due_date": "2025-02-21",
      "is_complete": false,
      "title": "banana43",
      "todo_item_id": "00000000-0000-0000-0000-000000000000",
      "update_time": "2023-02-01T00:00:00.123456Z"
    },
    {
      "complete_time": null,
      "create_time": "2023-02-01T00:00:00.123456Z",
      "due_date": "2025-02-21",
      "is_complete": false,
      "title": "banana44",
      "todo_item_id": "00000000-0000-0000-0000-000000000000",
      "update_time": "2023-02-01T00:00:00.123456Z"
    },
    {
      "complete_time": null,
      "create_time": "2023-02-01T00:00:00.123456Z",
      "due_date": "2025-02-21",
      "is_complete": false,
      "title": "banana45",
      "todo_item_id": "00000000-0000-0000-0000-000000000000",
      "update_time": "2023-02-01T00:00:00.123456Z"
    },
    {
      "complete_time": null,
      "create_time": "2023-02-01T00:00:00.123456Z",
      "due_date": "2025-02-21",
      "is_complete": false,
      "title": "banana46",
      "todo_item_id": "00000000-0000-0000-0000-000000000000",
      "update_time": "2023-02-01T00:00:00.123456Z"
    },
    {
      "complete_time": null,
      "create_time": "2023-02-01T00:00:00.123456Z",
      "due_date": "2025-02-21",
      "is_complete": false,
      "title": "banana47",
      "todo_item_id": "00000000-0000-0000-0000-000000000000",
      "update_time": "2023-02-01T00:00:00.123456Z"
    },
    {
      "complete_time": null,
      "create_time": "2023-02-01T00:00:00.123456Z",
      "due_date": "2025-02-21",
      "is_complete": false,
      "title": "banana48",
      "todo_item_id": "00000000-0000-0000-0000-000000000000",
      "update_time": "2023-02-01T00:00:00.123456Z"
    },
    {
      "complete_time": null,
      "create_time": "2023-02-01T00:00:00.123456Z",
      "due_date": "2025-02-21",
      "is_complete": false,
      "title": "banana49",
      "todo_item_id": "00000000-0000-0000-0000-000000000000",
      "update_time": "2023-02-01T00:00:00.123456Z"
    }
  ]
}