{
  "create_time": "2023-02-01T00:00:00.123456Z",
  "name": "banana",
  "update_time": "2023-02-01T00:00:00.123456Z"
}