{
  "items": [
    {
      "create_time": "2023-02-01T00:00:00.123456Z",
      "name": "banana0",
      "update_time": "2023-02-01T00:00:00.123456Z"
    },
    {
      "create_time": "2023-02-01T00:00:00.123456Z",
      "name": "banana1",
      "update_time": "2023-02-01T00:00:00.123456Z"
    },
    {
      "create_time": "2023-02-01T00:00:00.123456Z",
      "name": "banana2",
      "update_time": "2023-02-01T00:00:00.123456Z"
    },
    {
      "create_time": "2023-02-01T00:00:00.123456Z",
      "name": "banana3",
      "update_time": "2023-02-01T00:00:00.123456Z"
    },
    {
      "create_time": "2023-02-01T00:00:00.123456Z",
      "name": "banana4",
      "update_time": "2023-02-01T00:00:00.123456Z"
    },
    {
      "create_time": "2023-02-01T00:00:00.123456Z",
      "name": "banana5",
      "update_time": "2023-02-01T00:00:00.123456Z"
    },
    {
      "create_time": "2023-02-01T00:00:00.123456Z",
      "name": "banana6",
      "update_time": "2023-02-01T00:00:00.123456Z"
    },
    {
      "create_time": "2023-02-01T00:00:00.123456Z",
      "name": "banana7",
      "update_time": "2023-02-01T00:00:00.123456Z"
    },
    {
      "create_time": "2023-02-01T00:00:00.123456Z",
      "name": "banana8",
      "update_time": "2023-02-01T00:00:00.123456Z"
    },
    {
      "create_time": "2023-02-01T00:00:00.123456Z",
      "name": "banana9",
      "update_time": "2023-02-01T00:00:00.123456Z"
    },
    {
      "create_time": "2023-02-01T00:00:00.123456Z",
      "name": "banana10",
      "update_time": "2023-02-01T00:00:00.123456Z"
    },
    {
      "create_time": "2023-02-01T00:00:00.123456Z",
      "name": "banana11",
      "update_time": "2023-02-01T00:00:00.123456Z"
    },
    {
      "create_time": "2023-02-01T00:00:00.123456Z",
      "name": "banana12",
      "update_time": "2023-02-01T00:00:00.123456Z"
    },
    {
      "create_time": "2023-02-01T00:00:00.123456Z",
      "name": "banana13",
      "update_time": "2023-02-01T00:00:00.123456Z"
    },
    {
      "create_time": "2023-02-01T00:00:00.123456Z",
      "name": "banana14",
      "update_time": "2023-02-01T00:00:00.123456Z"
    },
    {
      "create_time": "2023-02-01T00:00:00.123456Z",
      "name": "banana15",
      "update_time": "2023-02-01T00:00:00.123456Z"
    },
    {
      "create_time": "2023-02-01T00:00:00.123456Z",
      "name": "banana16",
      "update_time": "2023-02-01T00:00:00.123456Z"
    },
    {
      "create_time": "2023-02-01T00:00:00.123456Z",
      "name": "banana17",
      "update_time": "2023-02-01T00:00:00.123456Z"
    },
    {
      "create_time": "2023-02-01T00:00:00.123456Z",
      "name": "banana18",
      "update_time": "2023-02-01T00:00:00.123456Z"
    },
    {
      "create_time": "2023-02-01T00:00:00.123456Z",
      "name": "banana19",
      "update_time": "2023-02-01T00:00:00.123456Z"
    },
    {
      "create_time": "2023-02-01T00:00:00.123456Z",
      "name": "banana20",
      "update_time": "2023-02-01T00:00:00.123456Z"
    },
    {
      "create_time": "2023-02-01T00:00:00.123456Z",
      "name": "banana21",
      "update_time": "2023-02-01T00:00:00.123456Z"
    },
    {
      "create_time": "2023-02-01T00:00:00.123456Z",
      "name": "banana22",
      "update_time": "2023-02-01T00:00:00.123456Z"
    },
    {
      "create_time": "2023-02-01T00:00:00.123456Z",
      "name": "banana23",
      "update_time": "2023-02-01T00:00:00.123456Z"
    },
    {
      "create_time": "2023-02-01T00:00:00.123456Z",
      "name": "banana24",
      "update_time": "2023-02-01T00:00:00.123456Z"
    },
    {
      "create_time": "2023-02-01T00:00:00.123456Z",
      "name": "banana25",
      "update_time": "2023-02-01T00:00:00.123456Z"
    },
    {
      "create_time": "2023-02-01T00:00:00.123456Z",
      "name": "banana26",
      "update_time": "2023-02-01T00:00:00.123456Z"
    },
    {
      "create_time": "2023-02-01T00:00:00.123456Z",
      "name": "banana27",
      "update_time": "2023-02-01T00:00:00.123456Z"
    },
    {
      "create_time": "2023-02-01T00:00:00.123456Z",
      "name": "banana28",
      "update_time": "2023-02-01T00:00:00.123456Z"
    },
    {
      "create_time": "2023-02-01T00:00:00.123456Z",
      "name": "banana29",
      "update_time": "2023-02-01T00:00:00.123456Z"
    },
    {
      "create_time": "2023-02-01T00:00:00.123456Z",
      "name": "banana30",
      "update_time": "2023-02-01T00:00:00.123456Z"
    },
    {
      "create_time": "2023-02-01T00:00:00.123456Z",
      "name": "banana31",
      "update_time": "2023-02-01T00:00:00.123456Z"
    },
    {
      "create_time": "2023-02-01T00:00:00.123456Z",
      "name": "banana32",
      "update_time": "2023-02-01T00:00:00.123456Z"
    },
    {
      "create_time": "2023-02-01T00:00:00.123456Z",
      "name": "banana33",
      "update_time": "2023-02-01T00:00:00.123456Z"
    },
    {
      "create_time": "2023-02-01T00:00:00.123456Z",
      "name": "banana34",
      "update_time": "2023-02-01T00:00:00.123456Z"
    },
    {
      "create_time": "2023-02-01T00:00:00.123456Z",
      "name": "banana35",
      "update_time": "2023-02-01T00:00:00.123456Z"
    },
    {
      "create_time": "2023-02-01T00:00:00.123456Z",
      "name": "banana36",
      "update_time": "2023-02-01T00:00:00.123456Z"
    },
    {
      "create_time": "2023-02-01T00:00:00.123456Z",
      "name": "banana37",
      "update_time": "2023-02-01T00:00:00.123456Z"
    },
    {
      "create_time": "2023-02-01T00:00:00.123456Z",
      "name": "banana38",
      "update_time": "2023-02-01T00:00:00.123456Z"
    },
    {
      "create_time": "2023-02-01T00:00:00.123456Z",
      "name": "banana39",
      "update_time": "2023-02-01T00:00:00.123456Z"
    },
    {
      "create_time": "2023-02-01T00:00:00.123456Z",
      "name": "banana40",
      "update_time": "2023-02-01T00:00:00.123456Z"
    },
    {
      "create_time": "2023-02-01T00:00:00.123456Z",
      "name": "banana41",
      "update_time": "2023-02-01T00:00:00.123456Z"
    },
    {
      "create_time": "2023-02-01T00:00:00.123456Z",
      "name": "banana42",
      "update_time": "2023-02-01T00:00:00.123456Z"
    },
    {
      "create_time": "2023-02-01T00:00:00.123456Z",
      "name": "banana43",
      "update_time": "2023-02-01T00:00:00.123456Z"
    },
    {
      "create_time": "2023-02-01T00:00:00.123456Z",
      "name": "banana44",
      "update_time": "2023-02-01T00:00:00.123456Z"
    },
    {
      "create_time": "2023-02-01T00:00:00.123456Z",
      "name": "banana45",
      "update_time": "2023-02-01T00:00:00.123456Z"
    },
    {
      "create_time": "2023-02-01T00:00:00.123456Z",
      "name": "banana46",
      "update_time": "2023-02-01T00:00:00.123456Z"
    },
    {
      "create_time": "2023-02-01T00:00:00.123456Z",
      "name": "banana47",
      "update_time": "2023-02-01T00:00:00.123456Z"
    },
    {
      "create_time": "2023-02-01T00:00:00.123456Z",
      "name": "banana48",
      "update_time": "2023-02-01T00:00:00.123456Z"
    },
    {
      "create_time": "2023-02-01T00:00:00.123456Z",
      "name": "banana49",
      "update_time": "2023-02-01T00:00:00.123456Z"
    }
  ]
}